Testing pipeline...
Base drive path 'uploads' confirmed.
Number of unique classes: 9
Training completed.

[1m1/3[0m [32m======[0m[37m==============[0m [1m3s[0m 2s/step
[1m2/3[0m [32m=============[0m[37m=======[0m [1m1s[0m 1s/step
[1m3/3[0m [32m====================[0m[37m[0m [1m0s[0m 766ms/step
[1m3/3[0m [32m====================[0m[37m[0m [1m3s[0m 774ms/step
Pred classes unique: [0 1 2 3 4 5 6 7 8]
True classes unique: [0 1 2 3 4 5 6 7 8]
Label to folder: {13: 'gesture-21', 14: 'gesture-21', 15: 'gesture-21', 16: 'gesture-21', 17: 'gesture-21', 18: 'gesture-21', 19: 'gesture-21', 20: 'gesture-21', 21: 'gesture-21'}
Label index map: {13.0: 0, 14.0: 1, 15.0: 2, 16.0: 3, 17.0: 4, 18.0: 5, 19.0: 6, 20.0: 7, 21.0: 8}
Min label: 13.0
Index to label: {0: 13.0, 1: 14.0, 2: 15.0, 3: 16.0, 4: 17.0, 5: 18.0, 6: 19.0, 7: 20.0, 8: 21.0}
Pred class 0 -> Actual Label ID 13.0 -> Gesture Name: gesture-21
Pred class 1 -> Actual Label ID 14.0 -> Gesture Name: gesture-21
Pred class 2 -> Actual Label ID 15.0 -> Gesture Name: gesture-21
Pred class 3 -> Actual Label ID 16.0 -> Gesture Name: gesture-21
Pred class 4 -> Actual Label ID 17.0 -> Gesture Name: gesture-21
Pred class 5 -> Actual Label ID 18.0 -> Gesture Name: gesture-21
Pred class 6 -> Actual Label ID 19.0 -> Gesture Name: gesture-21
Pred class 7 -> Actual Label ID 20.0 -> Gesture Name: gesture-21
Pred class 8 -> Actual Label ID 21.0 -> Gesture Name: gesture-21
